hosted:
- newCluster
managed:
- existingCluster
- newCluster
