- fields:
  - cmd: oc --context $(cluster) sa create-kubeconfig --namespace ci $(service_account)
      | sed "s/$(service_account)/$(cluster)/g"
    name: sa.$(service_account).$(cluster).config
  item_name: build_farm
  params:
    cluster:
    - app.ci
    - build01
    - build99
    service_account:
    - config-updater
    - deck
- fields:
  - cmd: oc --context $(cluster) sa create-kubeconfig --namespace ci $(service_account)
      | sed "s/$(service_account)/$(cluster)/g"
    name: sa.$(service_account).$(cluster).config
  item_name: release-controller
  params:
    cluster:
    - app.ci
    - build01
    service_account:
    - release-controller
- fields:
  - cmd: oc --context $(cluster) get secrets --sort-by=.metadata.creationTimestamp
      --namespace ci -o json | jq '.items[] | select(.type=="kubernetes.io/dockercfg")
      | select(.metadata.annotations["kubernetes.io/service-account.name"]=="image-puller")'|
      jq --slurp '.[-1] | .data[".dockercfg"]' --raw-output | base64 --decode | jq
      '.["image-registry.openshift-image-registry.svc:5000"].auth' --raw-output |
      tr -d '\n'
    name: token_$(service_account)_$(cluster)_reg_auth_value.txt
  item_name: build_farm
  params:
    cluster:
    - app.ci
    - build01
    - build99
    service_account:
    - image-puller
- fields:
  - cmd: oc --context $(cluster) sa create-kubeconfig --namespace ci $(service_account)
      | sed "s/$(service_account)/$(cluster)/g"
    name: sa.$(service_account).$(cluster).config
  item_name: ci-chat-bot
  params:
    cluster:
    - arm01
    - build01
    - build99
    service_account:
    - ci-chat-bot
- fields:
  - cmd: oc --context $(cluster) sa create-kubeconfig --namespace ci $(service_account)
      | sed "s/$(service_account)/$(cluster)/g"
    name: sa.$(service_account).$(cluster).config
  item_name: pod-scaler
  params:
    cluster:
    - app.ci
    - build01
    - build99
    service_account:
    - pod-scaler
- fields:
  - cmd: oc --kubeconfig /tmp/build-farm-credentials/sa.config-updater.$(cluster).config
      create token -n ci multi-arch-builder-controller --duration=2419200s --bound-object-kind=Secret
      --bound-object-name=token-bound-object-1 | sed 's/^/serviceaccount:/' | base64
      -w 0
    name: token_multi-arch-builder-controller_$(cluster)_reg_auth_value.txt
  item_name: build_farm
  params:
    cluster:
    - build10
    - build11
    - build99
