tide:
  queries:
  - includedBranches:
    - openshift-4.1
    - release-4.0
    - release-4.1
    - release-4.2
    - release-4.3
    - release-4.4
    labels:
    - approved
    - bugzilla/valid-bug
    - cherry-pick-approved
    - lgtm
    missingLabels:
    - bugzilla/invalid-bug
    - do-not-merge/blocked-paths
    - do-not-merge/hold
    - do-not-merge/invalid-owners-file
    - do-not-merge/work-in-progress
    - needs-rebase
    repos:
    - org/repo
  - excludedBranches:
    - openshift-4.1
    - release-4.0
    - release-4.1
    - release-4.2
    - release-4.3
    - release-4.4
    labels:
    - approved
    - lgtm
    missingLabels:
    - bugzilla/invalid-bug
    - do-not-merge/blocked-paths
    - do-not-merge/hold
    - do-not-merge/invalid-owners-file
    - do-not-merge/work-in-progress
    - needs-rebase
    repos:
    - org/repo
