hosted:
- newCluster
managed:
- existingCluster
- newCluster
osd:
- newCluster
